#! /opt/homebrew/Cellar/icarus-verilog/12.0/bin/vvp
:ivl_version "12.0 (stable)";
:ivl_delay_selection "TYPICAL";
:vpi_time_precision - 12;
:vpi_module "/opt/homebrew/Cellar/icarus-verilog/12.0/lib/ivl/system.vpi";
:vpi_module "/opt/homebrew/Cellar/icarus-verilog/12.0/lib/ivl/vhdl_sys.vpi";
:vpi_module "/opt/homebrew/Cellar/icarus-verilog/12.0/lib/ivl/vhdl_textio.vpi";
:vpi_module "/opt/homebrew/Cellar/icarus-verilog/12.0/lib/ivl/v2005_math.vpi";
:vpi_module "/opt/homebrew/Cellar/icarus-verilog/12.0/lib/ivl/va_math.vpi";
:vpi_module "/opt/homebrew/Cellar/icarus-verilog/12.0/lib/ivl/v2009.vpi";
S_0x12f707a20 .scope package, "$unit" "$unit" 2 1;
 .timescale 0 0;
S_0x12f707b90 .scope module, "wr_ptr_tb" "wr_ptr_tb" 3 3;
 .timescale -9 -12;
P_0x12f7092a0 .param/l "ADDR_WIDTH" 0 3 4, +C4<00000000000000000000000000000100>;
v0x12f720100_0 .net "b_wr_ptr", 3 0, L_0x12f720830;  1 drivers
v0x12f720190_0 .var "full", 0 0;
v0x12f720220_0 .net "gr_wr_ptr", 3 0, L_0x12f7208d0;  1 drivers
v0x12f7202d0_0 .var "wr_clk", 0 0;
v0x12f720380_0 .var "wr_en", 0 0;
v0x12f720450_0 .var "wr_rst", 0 0;
L_0x12f720830 .part v0x12f71fc30_0, 0, 4;
L_0x12f7208d0 .part L_0x12f720740, 0, 4;
S_0x12f7053b0 .scope module, "dut" "wr_ptr" 3 12, 4 3 0, S_0x12f707b90;
 .timescale -9 -12;
    .port_info 0 /INPUT 1 "wr_clk";
    .port_info 1 /INPUT 1 "wr_rst";
    .port_info 2 /INPUT 1 "wr_en";
    .port_info 3 /INPUT 1 "full";
    .port_info 4 /OUTPUT 5 "b_wr_ptr";
    .port_info 5 /OUTPUT 5 "gr_wr_ptr";
P_0x12f7087d0 .param/l "ADDR_WIDTH" 0 4 3, +C4<00000000000000000000000000000100>;
L_0x12f720740 .functor XOR 5, L_0x12f7205e0, v0x12f71fc30_0, C4<00000>, C4<00000>;
v0x12f7102a0_0 .net *"_ivl_0", 4 0, L_0x12f7205e0;  1 drivers
v0x12f71fb00_0 .net *"_ivl_2", 3 0, L_0x12f720500;  1 drivers
L_0x120068010 .functor BUFT 1, C4<0>, C4<0>, C4<0>, C4<0>;
v0x12f71fba0_0 .net *"_ivl_4", 0 0, L_0x120068010;  1 drivers
v0x12f71fc30_0 .var "b_wr_ptr", 4 0;
v0x12f71fcc0_0 .net "full", 0 0, v0x12f720190_0;  1 drivers
v0x12f71fd90_0 .net "gr_wr_ptr", 4 0, L_0x12f720740;  1 drivers
v0x12f71fe30_0 .net "wr_clk", 0 0, v0x12f7202d0_0;  1 drivers
v0x12f71fed0_0 .net "wr_en", 0 0, v0x12f720380_0;  1 drivers
v0x12f71ff70_0 .net "wr_rst", 0 0, v0x12f720450_0;  1 drivers
E_0x12f708b20/0 .event negedge, v0x12f71ff70_0;
E_0x12f708b20/1 .event posedge, v0x12f71fe30_0;
E_0x12f708b20 .event/or E_0x12f708b20/0, E_0x12f708b20/1;
L_0x12f720500 .part v0x12f71fc30_0, 1, 4;
L_0x12f7205e0 .concat [ 4 1 0 0], L_0x12f720500, L_0x120068010;
    .scope S_0x12f7053b0;
T_0 ;
    %wait E_0x12f708b20;
    %load/vec4 v0x12f71ff70_0;
    %nor/r;
    %flag_set/vec4 8;
    %jmp/0xz  T_0.0, 8;
    %pushi/vec4 0, 0, 5;
    %assign/vec4 v0x12f71fc30_0, 0;
    %jmp T_0.1;
T_0.0 ;
    %load/vec4 v0x12f71fed0_0;
    %flag_set/vec4 9;
    %flag_get/vec4 9;
    %jmp/0 T_0.4, 9;
    %load/vec4 v0x12f71fcc0_0;
    %nor/r;
    %and;
T_0.4;
    %flag_set/vec4 8;
    %jmp/0xz  T_0.2, 8;
    %load/vec4 v0x12f71fc30_0;
    %addi 1, 0, 5;
    %assign/vec4 v0x12f71fc30_0, 0;
T_0.2 ;
T_0.1 ;
    %jmp T_0;
    .thread T_0;
    .scope S_0x12f707b90;
T_1 ;
    %delay 5000, 0;
    %load/vec4 v0x12f7202d0_0;
    %inv;
    %store/vec4 v0x12f7202d0_0, 0, 1;
    %jmp T_1;
    .thread T_1;
    .scope S_0x12f707b90;
T_2 ;
    %vpi_call/w 3 24 "$dumpfile", "sim/wr_ptr/wr_ptr.vcd" {0 0 0};
    %vpi_call/w 3 25 "$dumpvars", 32'sb00000000000000000000000000000000, S_0x12f707b90 {0 0 0};
    %pushi/vec4 0, 0, 1;
    %store/vec4 v0x12f7202d0_0, 0, 1;
    %pushi/vec4 0, 0, 1;
    %store/vec4 v0x12f720450_0, 0, 1;
    %pushi/vec4 0, 0, 1;
    %store/vec4 v0x12f720380_0, 0, 1;
    %pushi/vec4 0, 0, 1;
    %store/vec4 v0x12f720190_0, 0, 1;
    %delay 12000, 0;
    %pushi/vec4 1, 0, 1;
    %store/vec4 v0x12f720450_0, 0, 1;
    %pushi/vec4 5, 0, 32;
T_2.0 %dup/vec4;
    %pushi/vec4 0, 0, 32;
    %cmp/s;
    %jmp/1xz T_2.1, 5;
    %jmp/1 T_2.1, 4;
    %pushi/vec4 1, 0, 32;
    %sub;
    %pushi/vec4 1, 0, 1;
    %store/vec4 v0x12f720380_0, 0, 1;
    %pushi/vec4 0, 0, 1;
    %store/vec4 v0x12f720190_0, 0, 1;
    %delay 10000, 0;
    %jmp T_2.0;
T_2.1 ;
    %pop/vec4 1;
    %pushi/vec4 0, 0, 1;
    %store/vec4 v0x12f720380_0, 0, 1;
    %delay 20000, 0;
    %pushi/vec4 1, 0, 1;
    %store/vec4 v0x12f720190_0, 0, 1;
    %pushi/vec4 1, 0, 1;
    %store/vec4 v0x12f720380_0, 0, 1;
    %delay 30000, 0;
    %pushi/vec4 0, 0, 1;
    %store/vec4 v0x12f720190_0, 0, 1;
    %pushi/vec4 1, 0, 1;
    %store/vec4 v0x12f720380_0, 0, 1;
    %delay 30000, 0;
    %vpi_call/w 3 51 "$finish" {0 0 0};
    %end;
    .thread T_2;
# The file index is used to find the file name in the following table.
:file_names 5;
    "N/A";
    "<interactive>";
    "-";
    "tb/wr_ptr_tb.sv";
    "rtl/wr_ptr.sv";
