#! /opt/homebrew/Cellar/icarus-verilog/12.0/bin/vvp
:ivl_version "12.0 (stable)";
:ivl_delay_selection "TYPICAL";
:vpi_time_precision - 12;
:vpi_module "/opt/homebrew/Cellar/icarus-verilog/12.0/lib/ivl/system.vpi";
:vpi_module "/opt/homebrew/Cellar/icarus-verilog/12.0/lib/ivl/vhdl_sys.vpi";
:vpi_module "/opt/homebrew/Cellar/icarus-verilog/12.0/lib/ivl/vhdl_textio.vpi";
:vpi_module "/opt/homebrew/Cellar/icarus-verilog/12.0/lib/ivl/v2005_math.vpi";
:vpi_module "/opt/homebrew/Cellar/icarus-verilog/12.0/lib/ivl/va_math.vpi";
:vpi_module "/opt/homebrew/Cellar/icarus-verilog/12.0/lib/ivl/v2009.vpi";
S_0x1387083e0 .scope package, "$unit" "$unit" 2 1;
 .timescale 0 0;
S_0x138708550 .scope module, "rd_ptr_tb" "rd_ptr_tb" 3 4;
 .timescale -9 -12;
P_0x138709b30 .param/l "ADDR_WIDTH" 0 3 5, +C4<00000000000000000000000000000100>;
v0x1387204e0_0 .net "b_rd_ptr", 4 0, v0x138720010_0;  1 drivers
v0x138720570_0 .var "clk", 0 0;
v0x138720600_0 .var "empty", 0 0;
v0x1387206d0_0 .net "gr_rd_ptr", 4 0, L_0x138720b40;  1 drivers
v0x138720780_0 .var "rd_en", 0 0;
v0x138720850_0 .var "rd_rst_n", 0 0;
S_0x138705d60 .scope module, "UUT" "rd_ptr" 3 14, 4 2 0, S_0x138708550;
 .timescale -9 -12;
    .port_info 0 /INPUT 1 "rd_clk";
    .port_info 1 /INPUT 1 "rd_rst_n";
    .port_info 2 /INPUT 1 "rd_en";
    .port_info 3 /INPUT 1 "empty";
    .port_info 4 /OUTPUT 5 "b_rd_ptr";
    .port_info 5 /OUTPUT 5 "gr_rd_ptr";
P_0x138708b30 .param/l "ADDR_WIDTH" 0 4 2, +C4<00000000000000000000000000000100>;
L_0x138720b40 .functor XOR 5, L_0x138720a00, v0x138720010_0, C4<00000>, C4<00000>;
v0x138705fe0_0 .net *"_ivl_0", 4 0, L_0x138720a00;  1 drivers
v0x13871fee0_0 .net *"_ivl_2", 3 0, L_0x138720900;  1 drivers
L_0x140078010 .functor BUFT 1, C4<0>, C4<0>, C4<0>, C4<0>;
v0x13871ff80_0 .net *"_ivl_4", 0 0, L_0x140078010;  1 drivers
v0x138720010_0 .var "b_rd_ptr", 4 0;
v0x1387200a0_0 .net "empty", 0 0, v0x138720600_0;  1 drivers
v0x138720170_0 .net "gr_rd_ptr", 4 0, L_0x138720b40;  alias, 1 drivers
v0x138720210_0 .net "rd_clk", 0 0, v0x138720570_0;  1 drivers
v0x1387202b0_0 .net "rd_en", 0 0, v0x138720780_0;  1 drivers
v0x138720350_0 .net "rd_rst_n", 0 0, v0x138720850_0;  1 drivers
E_0x1387093b0/0 .event negedge, v0x138720350_0;
E_0x1387093b0/1 .event posedge, v0x138720210_0;
E_0x1387093b0 .event/or E_0x1387093b0/0, E_0x1387093b0/1;
L_0x138720900 .part v0x138720010_0, 1, 4;
L_0x138720a00 .concat [ 4 1 0 0], L_0x138720900, L_0x140078010;
    .scope S_0x138705d60;
T_0 ;
    %wait E_0x1387093b0;
    %load/vec4 v0x138720350_0;
    %nor/r;
    %flag_set/vec4 8;
    %jmp/0xz  T_0.0, 8;
    %pushi/vec4 0, 0, 5;
    %assign/vec4 v0x138720010_0, 0;
    %jmp T_0.1;
T_0.0 ;
    %load/vec4 v0x1387202b0_0;
    %flag_set/vec4 9;
    %flag_get/vec4 9;
    %jmp/0 T_0.4, 9;
    %load/vec4 v0x1387200a0_0;
    %nor/r;
    %and;
T_0.4;
    %flag_set/vec4 8;
    %jmp/0xz  T_0.2, 8;
    %load/vec4 v0x138720010_0;
    %addi 1, 0, 5;
    %assign/vec4 v0x138720010_0, 0;
T_0.2 ;
T_0.1 ;
    %jmp T_0;
    .thread T_0;
    .scope S_0x138708550;
T_1 ;
    %delay 5000, 0;
    %load/vec4 v0x138720570_0;
    %inv;
    %store/vec4 v0x138720570_0, 0, 1;
    %jmp T_1;
    .thread T_1;
    .scope S_0x138708550;
T_2 ;
    %vpi_call/w 3 25 "$dumpfile", "sim/rd_ptr/rd_ptr.vcd" {0 0 0};
    %vpi_call/w 3 26 "$dumpvars", 32'sb00000000000000000000000000000000, S_0x138708550 {0 0 0};
    %pushi/vec4 0, 0, 1;
    %store/vec4 v0x138720570_0, 0, 1;
    %pushi/vec4 0, 0, 1;
    %store/vec4 v0x138720850_0, 0, 1;
    %pushi/vec4 0, 0, 1;
    %store/vec4 v0x138720780_0, 0, 1;
    %pushi/vec4 1, 0, 1;
    %store/vec4 v0x138720600_0, 0, 1;
    %delay 12000, 0;
    %pushi/vec4 1, 0, 1;
    %store/vec4 v0x138720850_0, 0, 1;
    %delay 10000, 0;
    %pushi/vec4 1, 0, 1;
    %store/vec4 v0x138720780_0, 0, 1;
    %pushi/vec4 1, 0, 1;
    %store/vec4 v0x138720600_0, 0, 1;
    %delay 20000, 0;
    %pushi/vec4 0, 0, 1;
    %store/vec4 v0x138720600_0, 0, 1;
    %delay 10000, 0;
    %pushi/vec4 1, 0, 1;
    %store/vec4 v0x138720780_0, 0, 1;
    %delay 40000, 0;
    %pushi/vec4 1, 0, 1;
    %store/vec4 v0x138720780_0, 0, 1;
    %delay 40000, 0;
    %pushi/vec4 1, 0, 1;
    %store/vec4 v0x138720780_0, 0, 1;
    %delay 20000, 0;
    %pushi/vec4 0, 0, 1;
    %store/vec4 v0x138720780_0, 0, 1;
    %vpi_call/w 3 40 "$finish" {0 0 0};
    %end;
    .thread T_2;
# The file index is used to find the file name in the following table.
:file_names 5;
    "N/A";
    "<interactive>";
    "-";
    "tb/rd_ptr_tb.sv";
    "rtl/rd_ptr.sv";
