#! /opt/homebrew/Cellar/icarus-verilog/12.0/bin/vvp
:ivl_version "12.0 (stable)";
:ivl_delay_selection "TYPICAL";
:vpi_time_precision - 12;
:vpi_module "/opt/homebrew/Cellar/icarus-verilog/12.0/lib/ivl/system.vpi";
:vpi_module "/opt/homebrew/Cellar/icarus-verilog/12.0/lib/ivl/vhdl_sys.vpi";
:vpi_module "/opt/homebrew/Cellar/icarus-verilog/12.0/lib/ivl/vhdl_textio.vpi";
:vpi_module "/opt/homebrew/Cellar/icarus-verilog/12.0/lib/ivl/v2005_math.vpi";
:vpi_module "/opt/homebrew/Cellar/icarus-verilog/12.0/lib/ivl/va_math.vpi";
:vpi_module "/opt/homebrew/Cellar/icarus-verilog/12.0/lib/ivl/v2009.vpi";
S_0x13ce0a690 .scope package, "$unit" "$unit" 2 1;
 .timescale 0 0;
S_0x13ce078c0 .scope module, "ff_sync_tb" "ff_sync_tb" 3 2;
 .timescale -9 -12;
P_0x13ce0ab70 .param/l "WIDTH" 0 3 3, +C4<00000000000000000000000000000100>;
v0x13ce20750_0 .var "clk", 0 0;
v0x13ce207f0_0 .var "din", 3 0;
v0x13ce208a0_0 .net "dout", 3 0, v0x13ce20530_0;  1 drivers
v0x13ce20970_0 .var "rst_n", 0 0;
S_0x13ce07a30 .scope module, "UUT" "ff_sync" 3 9, 4 2 0, S_0x13ce078c0;
 .timescale -9 -12;
    .port_info 0 /INPUT 1 "clk";
    .port_info 1 /INPUT 1 "rst_n";
    .port_info 2 /INPUT 4 "din";
    .port_info 3 /OUTPUT 4 "dout";
P_0x13ce07ba0 .param/l "WIDTH" 0 4 2, +C4<00000000000000000000000000000100>;
v0x13ce0eee0_0 .net "clk", 0 0, v0x13ce20750_0;  1 drivers
v0x13ce20490_0 .net "din", 3 0, v0x13ce207f0_0;  1 drivers
v0x13ce20530_0 .var "dout", 3 0;
v0x13ce205c0_0 .var "q1", 3 0;
v0x13ce20650_0 .net "rst_n", 0 0, v0x13ce20970_0;  1 drivers
E_0x13ce08970/0 .event negedge, v0x13ce20650_0;
E_0x13ce08970/1 .event posedge, v0x13ce0eee0_0;
E_0x13ce08970 .event/or E_0x13ce08970/0, E_0x13ce08970/1;
    .scope S_0x13ce07a30;
T_0 ;
    %wait E_0x13ce08970;
    %load/vec4 v0x13ce20650_0;
    %nor/r;
    %flag_set/vec4 8;
    %jmp/0xz  T_0.0, 8;
    %pushi/vec4 0, 0, 4;
    %assign/vec4 v0x13ce205c0_0, 0;
    %jmp T_0.1;
T_0.0 ;
    %load/vec4 v0x13ce20490_0;
    %assign/vec4 v0x13ce205c0_0, 0;
T_0.1 ;
    %jmp T_0;
    .thread T_0;
    .scope S_0x13ce07a30;
T_1 ;
    %wait E_0x13ce08970;
    %load/vec4 v0x13ce20650_0;
    %nor/r;
    %flag_set/vec4 8;
    %jmp/0xz  T_1.0, 8;
    %pushi/vec4 0, 0, 4;
    %assign/vec4 v0x13ce20530_0, 0;
    %jmp T_1.1;
T_1.0 ;
    %load/vec4 v0x13ce205c0_0;
    %assign/vec4 v0x13ce20530_0, 0;
T_1.1 ;
    %jmp T_1;
    .thread T_1;
    .scope S_0x13ce078c0;
T_2 ;
    %delay 5000, 0;
    %load/vec4 v0x13ce20750_0;
    %inv;
    %store/vec4 v0x13ce20750_0, 0, 1;
    %jmp T_2;
    .thread T_2;
    .scope S_0x13ce078c0;
T_3 ;
    %vpi_call/w 3 19 "$dumpfile", "sim/ff_sync/output.vcd" {0 0 0};
    %vpi_call/w 3 20 "$dumpvars", 32'sb00000000000000000000000000000000, S_0x13ce078c0 {0 0 0};
    %pushi/vec4 0, 0, 1;
    %store/vec4 v0x13ce20750_0, 0, 1;
    %pushi/vec4 0, 0, 1;
    %store/vec4 v0x13ce20970_0, 0, 1;
    %pushi/vec4 0, 0, 4;
    %store/vec4 v0x13ce207f0_0, 0, 4;
    %delay 10000, 0;
    %pushi/vec4 1, 0, 1;
    %store/vec4 v0x13ce20970_0, 0, 1;
    %delay 10000, 0;
    %pushi/vec4 1, 0, 4;
    %store/vec4 v0x13ce207f0_0, 0, 4;
    %delay 40000, 0;
    %pushi/vec4 3, 0, 4;
    %store/vec4 v0x13ce207f0_0, 0, 4;
    %delay 40000, 0;
    %pushi/vec4 10, 0, 4;
    %store/vec4 v0x13ce207f0_0, 0, 4;
    %delay 40000, 0;
    %pushi/vec4 5, 0, 4;
    %store/vec4 v0x13ce207f0_0, 0, 4;
    %vpi_call/w 3 32 "$finish" {0 0 0};
    %end;
    .thread T_3;
# The file index is used to find the file name in the following table.
:file_names 5;
    "N/A";
    "<interactive>";
    "-";
    "tb/ff_sync_tb.sv";
    "rtl/ff_sync.sv";
